FOO
0
bar set to 23
[3] set to 23
func called with hello
